
Allocating common symbols
Common symbol       size              file

netbufpool          0x4               binaries/net.o
tmp                 0x4               binaries/control_reg.o
readylist           0x2               binaries/ready.o
rfltab              0x5a0             binaries/rflinit.o
netportseed         0x8               binaries/net.o
sleepq              0x2               binaries/clkinit.o
dss_tab             0x14000           binaries/initialize.o
nnames              0x4               binaries/naminit.o
udptab              0x168             binaries/udp.o
minheap             0x4               binaries/meminit.o
marks               0x50              binaries/mark.o
currpid             0x4               binaries/initialize.o
Lf_data             0x20c             binaries/lfsinit.o
porttab             0x2d0             binaries/ptinit.o
girmask             0x2               binaries/evec.o
ttytab              0x110             binaries/ttyinit.o
proctab             0x1f40            binaries/initialize.o
fss_tab             0xa000            binaries/initialize.o
prcount             0x4               binaries/initialize.o
mainPid             0x4               binaries/main.o
lfltab              0xf00             binaries/lflinit.o
rdstab              0x8c              binaries/rdsinit.o
ethertab            0x130             binaries/ethinit.o
NetData             0xb0              binaries/net.o
nmarks              0x4               binaries/mark.o
initsp              0x4               binaries/i386.o
Defer               0x8               binaries/resched.o
semtab              0x4b0             binaries/initialize.o
maxheap             0x4               binaries/meminit.o
preempt             0x4               binaries/clkinit.o
buftab              0xf0              binaries/bufinit.o
Rf_data             0x18              binaries/rfsinit.o
mkmutex             0x4               binaries/mark.o
err                 0x10              binaries/main.o
clktime             0x4               binaries/clkinit.o
semTest             0x4               binaries/main.o
arpcache            0x140             binaries/arp.o
icmptab             0x230             binaries/icmp.o
nbpools             0x4               binaries/bufinit.o
base_addrs          0x3c              binaries/initialize.o
pdpt_tab            0x1400            binaries/initialize.o
queuetab            0x980             binaries/queue.o
ptnextid            0x4               binaries/ptinit.o
Ram                 0x19000           binaries/raminit.o
ipoqueue            0x2c              binaries/ip.o
memlist             0x8               binaries/initialize.o
nametab             0x19a0            binaries/naminit.o
ptfree              0x4               binaries/ptinit.o

Memory Configuration

Name             Origin             Length             Attributes
*default*        0x0000000000000000 0xffffffffffffffff

Linker script and memory map

                0x0000000000100000                physbase = 0x100000
                0x0000000000100000                . = physbase
                0x0000000000100000                . = ALIGN (0x1000)

.text           0x0000000000100000    0x1d000
                0x0000000000100000                text = ABSOLUTE (.)
 *(.text .text.*)
 .text          0x0000000000100000      0x165 binaries/start.o
                0x0000000000100020                entry
                0x000000000010003d                start
                0x00000000001000a5                inb
                0x00000000001000ad                inw
                0x00000000001000b6                inl
                0x00000000001000be                outb
                0x00000000001000c8                outw
                0x00000000001000d3                outl
                0x00000000001000dd                _rtcin
                0x00000000001000e8                ___udivsi3
                0x00000000001000f3                ___divsi3
                0x00000000001000ff                sbzero
                0x000000000010010f                bcopy
                0x0000000000100123                insw
                0x0000000000100139                outsw
                0x000000000010014f                lidt
                0x0000000000100157                jumptocode
                0x000000000010015e                jumptobootcode
 .text          0x0000000000100165      0x3e3 binaries/ascdate.o
                0x0000000000100165                ascdate
 .text          0x0000000000100548       0x14 binaries/bufinit.o
                0x0000000000100548                bufinit
 .text          0x000000000010055c       0x8d binaries/chprio.o
                0x000000000010055c                chprio
 .text          0x00000000001005e9       0x96 binaries/clkhandler.o
                0x00000000001005e9                clkhandler
 .text          0x000000000010067f       0x7e binaries/clkinit.o
                0x000000000010067f                clkinit
 .text          0x00000000001006fd       0x75 binaries/close.o
                0x00000000001006fd                close
 .text          0x0000000000100772        0x0 binaries/conf.o
 .text          0x0000000000100772       0x7b binaries/control.o
                0x0000000000100772                control
 .text          0x00000000001007ed      0x181 binaries/control_reg.o
                0x00000000001007ed                read_cr0
                0x0000000000100820                read_cr2
                0x0000000000100853                read_cr3
                0x0000000000100886                read_cr4
                0x00000000001008b9                write_cr0
                0x00000000001008e9                write_cr3
                0x0000000000100919                write_cr4
                0x0000000000100949                enable_paging
 .text          0x000000000010096e      0x2c6 binaries/create.o
                0x000000000010096e                create
 .text          0x0000000000100c34      0x254 binaries/directory.o
                0x0000000000100c34                create_pg_dir
                0x0000000000100ce6                init_directory
                0x0000000000100d59                add_to_dir
 .text          0x0000000000100e88      0x357 binaries/evec.o
                0x0000000000100e88                initevec
                0x0000000000100edf                set_evec
                0x0000000000100f81                trap
 .text          0x00000000001011df       0x19 binaries/exit.o
                0x00000000001011df                exit
 .text          0x00000000001011f8      0xb48 binaries/frame_management.o
                0x00000000001011f8                check_dss
                0x000000000010128b                get_frame_from_dss
                0x00000000001012cb                find_clean_pg_fss
                0x00000000001013e3                find_swap_victim
                0x000000000010144c                get_frame
                0x0000000000101931                clean_frames
                0x0000000000101b73                clean_selected_frames
 .text          0x0000000000101d40      0x3bc binaries/frame_tables.o
                0x0000000000101d40                init_pdpt_tab
                0x0000000000101de7                init_fss_tab
                0x0000000000101ea4                init_dss_tab
                0x0000000000101f61                update_frame_tables
 .text          0x00000000001020fc       0x8c binaries/freebuf.o
                0x00000000001020fc                freebuf
 .text          0x0000000000102188      0x172 binaries/freemem.o
                0x0000000000102188                freemem
 .text          0x00000000001022fa       0x8a binaries/getbuf.o
                0x00000000001022fa                getbuf
 .text          0x0000000000102384       0x75 binaries/getc.o
                0x0000000000102384                getc
 .text          0x00000000001023f9       0x74 binaries/getdev.o
                0x00000000001023f9                getdev
 .text          0x000000000010246d       0xd0 binaries/getitem.o
                0x000000000010246d                getfirst
                0x00000000001024b2                getlast
                0x00000000001024f9                getitem
 .text          0x000000000010253d      0x10a binaries/getmem.o
                0x000000000010253d                getmem
 .text          0x0000000000102647        0xa binaries/getpid.o
                0x0000000000102647                getpid
 .text          0x0000000000102651       0x75 binaries/getprio.o
                0x0000000000102651                getprio
 .text          0x00000000001026c6       0xfb binaries/getstk.o
                0x00000000001026c6                getstk
 .text          0x00000000001027c1       0x16 binaries/getticks.o
                0x00000000001027c1                getticks
 .text          0x00000000001027d7       0x3a binaries/gettime.o
                0x00000000001027d7                gettime
 .text          0x0000000000102811      0x1e2 binaries/getutime.o
                0x0000000000102811                getutime
 .text          0x00000000001029f3      0x3cc binaries/i386.o
                0x00000000001029f3                setsegs
                0x0000000000102b0c                init8259
                0x0000000000102bbe                pseg
                0x0000000000102d66                setirmask
 .text          0x0000000000102dbf       0x75 binaries/init.o
                0x0000000000102dbf                init
 .text          0x0000000000102e34      0x51f binaries/initialize.o
                0x0000000000102e34                nulluser
                0x00000000001032fa                stop
                0x0000000000103325                delay
 .text          0x0000000000103353       0xda binaries/insert.o
                0x0000000000103353                insert
 .text          0x000000000010342d      0x10c binaries/insertd.o
                0x000000000010342d                insertd
 .text          0x0000000000103539        0xa binaries/ioerr.o
                0x0000000000103539                ioerr
 .text          0x0000000000103543        0xa binaries/ionull.o
                0x0000000000103543                ionull
 .text          0x000000000010354d      0x1fb binaries/kill.o
                0x000000000010354d                kill
 .text          0x0000000000103748      0x14e binaries/kprintf.o
                0x0000000000103748                kputc
                0x00000000001037db                kgetc
                0x000000000010386c                kprintf
 .text          0x0000000000103896      0x7c3 binaries/main.o
                0x0000000000103896                init_err_arr
                0x00000000001038be                if_error
                0x00000000001038fa                test1
                0x00000000001039c1                test1_run
                0x0000000000103a3b                test2_run
                0x0000000000103ab5                test3_run
                0x0000000000103be6                test4_run
                0x0000000000103d17                test5_run
                0x0000000000103dce                test6_run
                0x0000000000103e85                test7_run
                0x0000000000103eff                test8_run
                0x0000000000103f79                main
 .text          0x0000000000104059       0xb5 binaries/mark.o
                0x0000000000104059                markinit
                0x000000000010407d                mark
 .text          0x000000000010410e       0xc2 binaries/meminit.o
                0x000000000010410e                meminit
 .text          0x00000000001041d0      0x174 binaries/mkbufpool.o
                0x00000000001041d0                mkbufpool
 .text          0x0000000000104344       0x94 binaries/newqueue.o
                0x0000000000104344                newqueue
 .text          0x00000000001043d8       0x7b binaries/open.o
                0x00000000001043d8                open
 .text          0x0000000000104453      0x4ad binaries/pagefault_handler.o
                0x0000000000104453                check_for_seg_fault
                0x0000000000104502                check_dir_entry_exists
                0x000000000010452b                pagefault_handler
 .text          0x0000000000104900      0x21f binaries/page_table.o
                0x0000000000104900                init_pg_table
                0x000000000010496d                add_pgs_to_pg_table
                0x00000000001049bd                add_page
                0x0000000000104a73                add_v_page
 .text          0x0000000000104b1f       0x20 binaries/panic.o
                0x0000000000104b1f                panic
 .text          0x0000000000104b3f      0x489 binaries/pci.o
                0x0000000000104b3f                pci_init
                0x0000000000104dfc                find_pci_device
                0x0000000000104e4a                pci_bios_read_config_byte
                0x0000000000104e89                pci_bios_read_config_word
                0x0000000000104ecb                pci_bios_read_config_dword
                0x0000000000104f0a                pci_bios_write_config_byte
                0x0000000000104f4b                pci_bios_write_config_word
                0x0000000000104f8d                pci_bios_write_config_dword
 .text          0x0000000000104fc8       0xf1 binaries/ptclear.o
                0x0000000000104fc8                _ptclear
 .text          0x00000000001050b9       0x9d binaries/ptcount.o
                0x00000000001050b9                ptcount
 .text          0x0000000000105156      0x116 binaries/ptcreate.o
                0x0000000000105156                ptcreate
 .text          0x000000000010526c       0x7f binaries/ptdelete.o
                0x000000000010526c                ptdelete
 .text          0x00000000001052eb       0xbf binaries/ptinit.o
                0x00000000001052eb                ptinit
 .text          0x00000000001053aa      0x11b binaries/ptrecv.o
                0x00000000001053aa                ptrecv
 .text          0x00000000001054c5       0x77 binaries/ptreset.o
                0x00000000001054c5                ptreset
 .text          0x000000000010553c      0x13d binaries/ptsend.o
                0x000000000010553c                ptsend
 .text          0x0000000000105679       0x80 binaries/putc.o
                0x0000000000105679                putc
 .text          0x00000000001056f9      0x10d binaries/queue.o
                0x00000000001056f9                enqueue
                0x0000000000105799                dequeue
 .text          0x0000000000105806       0x7b binaries/read.o
                0x0000000000105806                read
 .text          0x0000000000105881       0x78 binaries/ready.o
                0x0000000000105881                ready
 .text          0x00000000001058f9       0x60 binaries/receive.o
                0x00000000001058f9                receive
 .text          0x0000000000105959       0x5c binaries/recvclr.o
                0x0000000000105959                recvclr
 .text          0x00000000001059b5       0xbb binaries/recvtime.o
                0x00000000001059b5                recvtime
 .text          0x0000000000105a70      0x17a binaries/resched.o
                0x0000000000105a70                resched
                0x0000000000105b75                resched_cntl
 .text          0x0000000000105bea       0xaa binaries/resume.o
                0x0000000000105bea                resume
 .text          0x0000000000105c94       0x79 binaries/seek.o
                0x0000000000105c94                seek
 .text          0x0000000000105d0d       0x70 binaries/semcount.o
                0x0000000000105d0d                semcount
 .text          0x0000000000105d7d       0xd6 binaries/semcreate.o
                0x0000000000105d7d                semcreate
 .text          0x0000000000105e53       0xcd binaries/semdelete.o
                0x0000000000105e53                semdelete
 .text          0x0000000000105f20       0xcb binaries/semreset.o
                0x0000000000105f20                semreset
 .text          0x0000000000105feb       0xe6 binaries/send.o
                0x0000000000105feb                send
 .text          0x00000000001060d1       0xa8 binaries/signal.o
                0x00000000001060d1                signal
 .text          0x0000000000106179       0xd6 binaries/signaln.o
                0x0000000000106179                signaln
 .text          0x000000000010624f       0xea binaries/sleep.o
                0x000000000010624f                sleep
                0x000000000010629d                sleepms
 .text          0x0000000000106339      0x18b binaries/stacktrace.o
                0x0000000000106339                stacktrace
 .text          0x00000000001064c4       0xe0 binaries/suspend.o
                0x00000000001064c4                suspend
 .text          0x00000000001065a4       0xe2 binaries/unsleep.o
                0x00000000001065a4                unsleep
 .text          0x0000000000106686       0x19 binaries/userret.o
                0x0000000000106686                userret
 .text          0x000000000010669f      0x4a1 binaries/vcreate.o
                0x000000000010669f                vcreate
 .text          0x0000000000106b40      0x3e8 binaries/vfree.o
                0x0000000000106b40                vfree
 .text          0x0000000000106f28      0x2bd binaries/vmalloc.o
                0x0000000000106f28                vmalloc
 .text          0x00000000001071e5       0xdb binaries/wait.o
                0x00000000001071e5                wait
 .text          0x00000000001072c0       0x72 binaries/wakeup.o
                0x00000000001072c0                wakeup
 .text          0x0000000000107332       0x7b binaries/write.o
                0x0000000000107332                write
 .text          0x00000000001073ad       0x1d binaries/xdone.o
                0x00000000001073ad                xdone
 .text          0x00000000001073ca       0x28 binaries/yield.o
                0x00000000001073ca                yield
 .text          0x00000000001073f2       0x11 binaries/abs.o
                0x00000000001073f2                abs
 .text          0x0000000000107403       0x8f binaries/atoi.o
                0x0000000000107403                atoi
 .text          0x0000000000107492       0x8f binaries/atol.o
                0x0000000000107492                atol
 .text          0x0000000000107521       0x31 binaries/bzero.o
                0x0000000000107521                bzero
 .text          0x0000000000107552        0x0 binaries/ctype_.o
 .text          0x0000000000107552      0x8ed binaries/doprnt.o
                0x0000000000107552                _doprnt
 .text          0x0000000000107e3f      0x65c binaries/doscan.o
                0x0000000000107e3f                _doscan
 .text          0x000000000010849b      0x711 binaries/fdoprnt.o
                0x000000000010849b                _fdoprnt
 .text          0x0000000000108bac       0x29 binaries/fgetc.o
                0x0000000000108bac                fgetc
 .text          0x0000000000108bd5       0x75 binaries/fgets.o
                0x0000000000108bd5                fgets
 .text          0x0000000000108c4a       0x2a binaries/fprintf.o
                0x0000000000108c4a                fprintf
 .text          0x0000000000108c74       0x2c binaries/fputc.o
                0x0000000000108c74                fputc
 .text          0x0000000000108ca0       0x43 binaries/fputs.o
                0x0000000000108ca0                fputs
 .text          0x0000000000108ce3       0x8a binaries/fscanf.o
                0x0000000000108ce3                fscanf
 .text          0x0000000000108d6d       0x31 binaries/getchar.o
                0x0000000000108d6d                getchar
 .text          0x0000000000108d9e       0x11 binaries/labs.o
                0x0000000000108d9e                labs
 .text          0x0000000000108daf        0x0 binaries/memchr.o
 .text          0x0000000000108daf       0x51 binaries/memcmp.o
                0x0000000000108daf                memcmp
 .text          0x0000000000108e00       0x3f binaries/memcpy.o
                0x0000000000108e00                memcpy
 .text          0x0000000000108e3f       0x30 binaries/memset.o
                0x0000000000108e3f                memset
 .text          0x0000000000108e6f       0x47 binaries/printf.o
                0x0000000000108e6f                printf
 .text          0x0000000000108eb6       0x34 binaries/putchar.o
                0x0000000000108eb6                putchar
 .text          0x0000000000108eea      0x27e binaries/qsort.o
                0x0000000000108eea                qsort
 .text          0x0000000000109168       0x63 binaries/rand.o
                0x0000000000109168                rand
                0x0000000000109180                rand_r
                0x00000000001091be                srand
 .text          0x00000000001091cb       0x66 binaries/sprintf.o
                0x00000000001091cb                sprintf
 .text          0x0000000000109231       0x70 binaries/sscanf.o
                0x0000000000109231                sscanf
 .text          0x00000000001092a1       0x3c binaries/strchr.o
                0x00000000001092a1                strchr
 .text          0x00000000001092dd       0x45 binaries/strcmp.o
                0x00000000001092dd                strcmp
 .text          0x0000000000109322       0x27 binaries/strcpy.o
                0x0000000000109322                strcpy
 .text          0x0000000000109349       0x26 binaries/strlen.o
                0x0000000000109349                strlen
 .text          0x000000000010936f       0x56 binaries/strncat.o
                0x000000000010936f                strncat
 .text          0x00000000001093c5       0x5f binaries/strncmp.o
                0x00000000001093c5                strncmp
 .text          0x0000000000109424       0x4f binaries/strncpy.o
                0x0000000000109424                strncpy
 .text          0x0000000000109473       0x2e binaries/strnlen.o
                0x0000000000109473                strnlen
 .text          0x00000000001094a1       0x45 binaries/strrchr.o
                0x00000000001094a1                strrchr
 .text          0x00000000001094e6       0x6d binaries/strstr.o
                0x00000000001094e6                strstr
 .text          0x0000000000109553       0xe4 binaries/ttycontrol.o
                0x0000000000109553                ttycontrol
 .text          0x0000000000109637       0x97 binaries/ttygetc.o
                0x0000000000109637                ttygetc
 .text          0x00000000001096ce      0x6ee binaries/ttyhandle_in.o
                0x00000000001096ce                ttyhandle_in
 .text          0x0000000000109dbc      0x1ae binaries/ttyhandle_out.o
                0x0000000000109dbc                ttyhandle_out
 .text          0x0000000000109f6a       0xce binaries/ttyhandler.o
                0x0000000000109f6a                ttyhandler
 .text          0x000000000010a038      0x22f binaries/ttyinit.o
                0x000000000010a038                ttyinit
 .text          0x000000000010a267       0x1b binaries/ttykickout.o
                0x000000000010a267                ttykickout
 .text          0x000000000010a282       0xb7 binaries/ttyputc.o
                0x000000000010a282                ttyputc
 .text          0x000000000010a339      0x11b binaries/ttyread.o
                0x000000000010a339                ttyread
 .text          0x000000000010a454       0x4f binaries/ttywrite.o
                0x000000000010a454                ttywrite
 .text          0x000000000010a4a3      0x14b binaries/mount.o
                0x000000000010a4a3                mount
                0x000000000010a5b8                namlen
 .text          0x000000000010a5ee      0x1ea binaries/naminit.o
                0x000000000010a5ee                naminit
 .text          0x000000000010a7d8      0x211 binaries/nammap.o
                0x000000000010a7d8                nammap
                0x000000000010a863                namrepl
                0x000000000010a999                namcpy
 .text          0x000000000010a9e9       0x4e binaries/namopen.o
                0x000000000010a9e9                namopen
 .text          0x000000000010aa37      0xec3 binaries/82545EMInit.o
                0x000000000010aa95                _82545EMInit
                0x000000000010b766                _82545EM_read_phy_reg
                0x000000000010b82c                _82545EM_write_phy_reg
 .text          0x000000000010b8fa      0x241 binaries/ethcontrol.o
                0x000000000010b958                ethcontrol
                0x000000000010bace                ethIrqDisable
                0x000000000010bb03                ethIrqEnable
 .text          0x000000000010bb3b      0x252 binaries/ethhandler.o
                0x000000000010bcab                ethhandler
 .text          0x000000000010bd8d      0x126 binaries/ethinit.o
                0x000000000010bd8d                ethinit
 .text          0x000000000010beb3      0x1f4 binaries/ethread.o
                0x000000000010bf11                ethread
 .text          0x000000000010c0a7      0x19f binaries/ethwrite.o
                0x000000000010c105                ethwrite
 .text          0x000000000010c246       0x9e binaries/rdsbufalloc.o
                0x000000000010c246                rdsbufalloc
 .text          0x000000000010c2e4       0xcc binaries/rdsclose.o
                0x000000000010c2e4                rdsclose
 .text          0x000000000010c3b0      0x2e8 binaries/rdscomm.o
                0x000000000010c3b0                rdscomm
 .text          0x000000000010c698      0x233 binaries/rdscontrol.o
                0x000000000010c698                rdscontrol
 .text          0x000000000010c8cb      0x1f3 binaries/rdsinit.o
                0x000000000010c8cb                rdsinit
 .text          0x000000000010cabe      0x19b binaries/rdsopen.o
                0x000000000010cabe                rdsopen
 .text          0x000000000010cc59      0x461 binaries/rdsprocess.o
                0x000000000010cc59                rdsprocess
 .text          0x000000000010d0ba      0x259 binaries/rdsread.o
                0x000000000010d0ba                rdsread
 .text          0x000000000010d313      0x1fe binaries/rdswrite.o
                0x000000000010d313                rdswrite
 .text          0x000000000010d511        0xa binaries/ramclose.o
                0x000000000010d511                ramclose
 .text          0x000000000010d51b       0x3e binaries/raminit.o
                0x000000000010d51b                raminit
 .text          0x000000000010d559        0xa binaries/ramopen.o
                0x000000000010d559                ramopen
 .text          0x000000000010d563       0x32 binaries/ramread.o
                0x000000000010d563                ramread
 .text          0x000000000010d595       0x32 binaries/ramwrite.o
                0x000000000010d595                ramwrite
 .text          0x000000000010d5c7       0x98 binaries/lfdballoc.o
                0x000000000010d5c7                lfdballoc
 .text          0x000000000010d65f       0x58 binaries/lfdbfree.o
                0x000000000010d65f                lfdbfree
 .text          0x000000000010d6b7       0xb6 binaries/lfflush.o
                0x000000000010d6b7                lfflush
 .text          0x000000000010d76d       0xd8 binaries/lfgetmode.o
                0x000000000010d76d                lfgetmode
 .text          0x000000000010d845       0x68 binaries/lfiballoc.o
                0x000000000010d845                lfiballoc
 .text          0x000000000010d8ad       0x3b binaries/lfibclear.o
                0x000000000010d8ad                lfibclear
 .text          0x000000000010d8e8       0xad binaries/lfibget.o
                0x000000000010d8e8                lfibget
 .text          0x000000000010d995       0xdc binaries/lfibput.o
                0x000000000010d995                lfibput
 .text          0x000000000010da71       0xa2 binaries/lflclose.o
                0x000000000010da71                lflclose
 .text          0x000000000010db13       0xd0 binaries/lflcontrol.o
                0x000000000010db13                lflcontrol
 .text          0x000000000010dbe3       0xf2 binaries/lflgetc.o
                0x000000000010dbe3                lflgetc
 .text          0x000000000010dcd5       0xf1 binaries/lflinit.o
                0x000000000010dcd5                lflinit
 .text          0x000000000010ddc6      0x122 binaries/lflputc.o
                0x000000000010ddc6                lflputc
 .text          0x000000000010dee8       0x70 binaries/lflread.o
                0x000000000010dee8                lflread
 .text          0x000000000010df58       0xac binaries/lflseek.o
                0x000000000010df58                lflseek
 .text          0x000000000010e004       0x55 binaries/lflwrite.o
                0x000000000010e004                lflwrite
 .text          0x000000000010e059       0x62 binaries/lfscheck.o
                0x000000000010e059                lfscheck
 .text          0x000000000010e0bb      0x175 binaries/lfsckfmt.o
                0x000000000010e0bb                lfsckfmt
 .text          0x000000000010e230      0x1ad binaries/lfscreate.o
                0x000000000010e230                lfscreate
 .text          0x000000000010e3dd      0x278 binaries/lfsetup.o
                0x000000000010e3dd                lfsetup
 .text          0x000000000010e655       0x51 binaries/lfsinit.o
                0x000000000010e655                lfsinit
 .text          0x000000000010e6a6      0x3c0 binaries/lfsopen.o
                0x000000000010e6a6                lfsopen
 .text          0x000000000010ea66      0x15e binaries/lftruncate.o
                0x000000000010ea66                lftruncate
 .text          0x000000000010ebc4       0x71 binaries/rflclose.o
                0x000000000010ebc4                rflclose
 .text          0x000000000010ec35       0x32 binaries/rflgetc.o
                0x000000000010ec35                rflgetc
 .text          0x000000000010ec67       0x76 binaries/rflinit.o
                0x000000000010ec67                rflinit
 .text          0x000000000010ecdd       0x33 binaries/rflputc.o
                0x000000000010ecdd                rflputc
 .text          0x000000000010ed10      0x360 binaries/rflread.o
                0x000000000010ed10                rflread
 .text          0x000000000010f070       0x74 binaries/rflseek.o
                0x000000000010f070                rflseek
 .text          0x000000000010f0e4      0x34d binaries/rflwrite.o
                0x000000000010f0e4                rflwrite
 .text          0x000000000010f431      0x1e2 binaries/rfscomm.o
                0x000000000010f431                rfscomm
 .text          0x000000000010f613      0x26d binaries/rfscontrol.o
                0x000000000010f613                rfscontrol
 .text          0x000000000010f880       0xd8 binaries/rfsgetmode.o
                0x000000000010f880                rfsgetmode
 .text          0x000000000010f958       0x86 binaries/rfsinit.o
                0x000000000010f958                rfsinit
 .text          0x000000000010f9de      0x111 binaries/rfsndmsg.o
                0x000000000010f9de                rfsndmsg
 .text          0x000000000010faef      0x2aa binaries/rfsopen.o
                0x000000000010faef                rfsopen
 .text          0x000000000010fd99      0x836 binaries/arp.o
                0x000000000010fd99                arp_init
                0x000000000010fdcb                arp_resolve
                0x000000000011007f                arp_in
                0x0000000000110337                arp_alloc
                0x00000000001103f7                arp_ntoh
                0x00000000001104e3                arp_hton
 .text          0x00000000001105cf      0x8e3 binaries/dhcp.o
                0x00000000001105cf                dhcp_get_opt_val
                0x0000000000110628                dhcp_bld_bootp_msg
                0x0000000000110735                dhcp_bld_disc
                0x000000000011081e                dhcp_bld_req
                0x0000000000110990                getlocalip
 .text          0x0000000000110eb2      0x59f binaries/dns.o
                0x0000000000110eb2                dnslookup
 .text          0x0000000000111451       0xe8 binaries/dot2ip.o
                0x0000000000111451                dot2ip
 .text          0x0000000000111539      0x4c4 binaries/hexdump.o
                0x0000000000111539                hexdump
                0x00000000001116e0                hexadump
 .text          0x00000000001119fd      0x8af binaries/icmp.o
                0x00000000001119fd                icmp_init
                0x0000000000111a34                icmp_in
                0x0000000000111c0a                icmp_register
                0x0000000000111d05                icmp_recv
                0x0000000000111e91                icmp_send
                0x0000000000111f19                icmp_mkpkt
                0x0000000000112033                icmp_release
                0x0000000000112131                icmp_cksum
                0x00000000001121c4                icmp_hton
                0x0000000000112238                icmp_ntoh
 .text          0x00000000001122ac      0x8a5 binaries/ip.o
                0x00000000001122ac                ip_in
                0x0000000000112430                ip_send
                0x000000000011258b                ip_local
                0x00000000001125d7                ip_out
                0x0000000000112710                ipcksum
                0x0000000000112796                ip_ntoh
                0x0000000000112882                ip_hton
                0x000000000011296e                ipout
                0x0000000000112a9d                ip_enqueue
 .text          0x0000000000112b51      0x2cd binaries/net.o
                0x0000000000112b51                net_init
                0x0000000000112c79                netin
                0x0000000000112d36                eth_hton
                0x0000000000112d60                eth_ntoh
                0x0000000000112d8a                getport
 .text          0x0000000000112e1e     0x147f binaries/pdump.o
                0x0000000000112e1e                pdump
                0x0000000000113bdb                pdumph
 .text          0x000000000011429d      0x613 binaries/tftp.o
                0x000000000011429d                tftp_send1
                0x0000000000114415                tftpget
                0x0000000000114447                tftpget_mb
 .text          0x00000000001148b0      0xb82 binaries/udp.o
                0x00000000001148b0                udp_init
                0x00000000001148e5                udp_in
                0x0000000000114a27                udp_register
                0x0000000000114b64                udp_recv
                0x0000000000114d00                udp_recvaddr
                0x0000000000114eb4                udp_send
                0x000000000011509c                udp_sendto
                0x000000000011524d                udp_release
                0x0000000000115348                udp_ntoh
                0x00000000001153bd                udp_hton
 .text          0x0000000000115432      0x138 binaries/addargs.o
                0x0000000000115432                addargs
 .text          0x000000000011556a      0x2c9 binaries/lexan.o
                0x000000000011556a                lexan
 .text          0x0000000000115833      0x663 binaries/shell.o
                0x0000000000115833                shell
 .text          0x0000000000115e96       0x69 binaries/xsh_argecho.o
                0x0000000000115e96                xsh_argecho
 .text          0x0000000000115eff      0x275 binaries/xsh_arp.o
                0x0000000000115eff                xsh_arp
 .text          0x0000000000116174      0x26f binaries/xsh_cat.o
                0x0000000000116174                xsh_cat
 .text          0x00000000001163e3       0x5e binaries/xsh_clear.o
                0x00000000001163e3                xsh_clear
 .text          0x0000000000116441      0x2f7 binaries/xsh_date.o
                0x0000000000116441                xsh_date
 .text          0x0000000000116738       0xae binaries/xsh_devdump.o
                0x0000000000116738                xsh_devdump
 .text          0x00000000001167e6       0x72 binaries/xsh_echo.o
                0x00000000001167e6                xsh_echo
 .text          0x0000000000116858        0xa binaries/xsh_exit.o
                0x0000000000116858                xsh_exit
 .text          0x0000000000116862      0x389 binaries/xsh_help.o
                0x0000000000116862                xsh_help
 .text          0x0000000000116beb      0x249 binaries/xsh_kill.o
                0x0000000000116beb                xsh_kill
 .text          0x0000000000116e34      0x545 binaries/xsh_memdump.o
                0x0000000000116e34                xsh_memdump
 .text          0x0000000000117379      0x2a7 binaries/xsh_memstat.o
                0x0000000000117379                xsh_memstat
 .text          0x0000000000117620      0x50d binaries/xsh_netinfo.o
                0x0000000000117620                xsh_netinfo
 .text          0x0000000000117b2d      0x48f binaries/xsh_ping.o
                0x0000000000117b2d                xsh_ping
 .text          0x0000000000117fbc      0x220 binaries/xsh_ps.o
                0x0000000000117fbc                xsh_ps
 .text          0x00000000001181dc      0x225 binaries/xsh_sleep.o
                0x00000000001181dc                xsh_sleep
 .text          0x0000000000118401      0x27a binaries/xsh_udpdump.o
                0x0000000000118401                xsh_udpdump
 .text          0x000000000011867b      0x4bf binaries/xsh_udpecho.o
                0x000000000011867b                xsh_udpecho
 .text          0x0000000000118b3a      0x2b0 binaries/xsh_udpserver.o
                0x0000000000118b3a                xsh_udpeserver
 .text          0x0000000000118dea      0x1f3 binaries/xsh_uptime.o
                0x0000000000118dea                xsh_uptime
 .text          0x0000000000118fdd        0xe binaries/clkdisp.o
                0x0000000000118fdd                clkdisp
 .text          0x0000000000118feb       0x19 binaries/ctxsw.o
                0x0000000000118feb                ctxsw
 .text          0x0000000000119004      0x36b binaries/intr.o
                0x0000000000119004                disable
                0x000000000011900d                restore
                0x000000000011901b                enable
                0x000000000011901d                pause
                0x0000000000119024                halt
                0x000000000011902a                spurious_irq7
                0x000000000011902f                spurious_irq15
                0x000000000011903e                _Xint0
                0x0000000000119049                _Xint1
                0x0000000000119054                _Xint2
                0x000000000011905f                _Xint3
                0x000000000011906a                _Xint4
                0x0000000000119075                _Xint5
                0x0000000000119080                _Xint6
                0x000000000011908b                _Xint7
                0x0000000000119096                _Xint8
                0x00000000001190a1                _Xint9
                0x00000000001190ac                _Xint10
                0x00000000001190b7                _Xint11
                0x00000000001190c5                _Xint12
                0x00000000001190d3                _Xint13
                0x00000000001190e1                _Xint14
                0x00000000001190ef                _Xint15
                0x00000000001190fd                _Xint16
                0x000000000011910b                _Xint17
                0x0000000000119119                _Xint18
                0x0000000000119127                _Xint19
                0x0000000000119135                _Xint20
                0x0000000000119143                _Xint21
                0x0000000000119151                _Xint22
                0x000000000011915f                _Xint23
                0x000000000011916d                _Xint24
                0x000000000011917b                _Xint25
                0x0000000000119189                _Xint26
                0x0000000000119197                _Xint27
                0x00000000001191a5                _Xint28
                0x00000000001191b3                _Xint29
                0x00000000001191c1                _Xint30
                0x00000000001191cf                _Xint31
                0x00000000001191dd                _Xint32
                0x00000000001191eb                _Xint33
                0x00000000001191f9                _Xint34
                0x0000000000119207                _Xint35
                0x0000000000119215                _Xint36
                0x0000000000119223                _Xint37
                0x0000000000119231                _Xint38
                0x000000000011923f                _Xint39
                0x000000000011924d                _Xint40
                0x000000000011925b                _Xint41
                0x0000000000119269                _Xint42
                0x0000000000119277                _Xint43
                0x0000000000119285                _Xint44
                0x0000000000119293                _Xint45
                0x00000000001192a1                _Xint46
                0x00000000001192af                defevec
 .text          0x000000000011936f       0x15 binaries/pagefault_handler_disp.o
                0x000000000011936f                pferrcode
                0x0000000000119373                pagefault_handler_disp
 .text          0x0000000000119384        0xf binaries/ttydispatch.o
                0x0000000000119384                ttydispatch
 .text          0x0000000000119393       0x13 binaries/ethdispatch.o
                0x0000000000119393                ethdispatch
 *(.rodata .rodata.*)
 *fill*         0x00000000001193a6        0x2 
 .rodata        0x00000000001193a8       0x8e binaries/ascdate.o
 .rodata        0x0000000000119436       0xae binaries/conf.o
 .rodata        0x00000000001194e4      0x22f binaries/evec.o
 .rodata        0x0000000000119713       0x1c binaries/frame_management.o
 *fill*         0x000000000011972f        0x1 
 .rodata        0x0000000000119730       0x61 binaries/getutime.o
 *fill*         0x0000000000119791        0x3 
 .rodata        0x0000000000119794       0x90 binaries/i386.o
 .rodata        0x0000000000119824      0x1e4 binaries/initialize.o
 .rodata        0x0000000000119a08       0x30 binaries/kill.o
 .rodata        0x0000000000119a38      0x1dc binaries/main.o
 .rodata        0x0000000000119c14       0xaf binaries/pagefault_handler.o
 .rodata        0x0000000000119cc3        0xf binaries/panic.o
 *fill*         0x0000000000119cd2        0x2 
 .rodata        0x0000000000119cd4      0x1ec binaries/pci.o
 .rodata        0x0000000000119ec0       0x1d binaries/ptinit.o
 *fill*         0x0000000000119edd        0x3 
 .rodata        0x0000000000119ee0       0x25 binaries/ptsend.o
 *fill*         0x0000000000119f05        0x3 
 .rodata        0x0000000000119f08       0xb7 binaries/stacktrace.o
 .rodata        0x0000000000119fbf       0x19 binaries/vcreate.o
 .rodata        0x0000000000119fd8       0x52 binaries/vfree.o
 *fill*         0x000000000011a02a        0x2 
 .rodata        0x000000000011a02c       0x3c binaries/vmalloc.o
 .rodata        0x000000000011a068       0x27 binaries/xdone.o
 *fill*         0x000000000011a08f       0x11 
 .rodata        0x000000000011a0a0       0x81 binaries/ctype_.o
                0x000000000011a0a0                _ctype_
 *fill*         0x000000000011a121        0x3 
 .rodata        0x000000000011a124       0xee binaries/doprnt.o
 *fill*         0x000000000011a212        0x2 
 .rodata        0x000000000011a214       0x98 binaries/doscan.o
 .rodata        0x000000000011a2ac       0xae binaries/fdoprnt.o
 *fill*         0x000000000011a35a        0x2 
 .rodata        0x000000000011a35c       0x20 binaries/ttycontrol.o
 .rodata        0x000000000011a37c       0x34 binaries/ttyhandler.o
 .rodata        0x000000000011a3b0       0x80 binaries/naminit.o
 .rodata        0x000000000011a430       0x2e binaries/82545EMInit.o
 *fill*         0x000000000011a45e        0x2 
 .rodata        0x000000000011a460       0x78 binaries/ethinit.o
 .rodata        0x000000000011a4d8       0x18 binaries/ethread.o
 .rodata        0x000000000011a4f0       0x2c binaries/rdsbufalloc.o
 .rodata        0x000000000011a51c       0x76 binaries/rdscomm.o
 *fill*         0x000000000011a592        0x2 
 .rodata        0x000000000011a594       0x48 binaries/rdscontrol.o
 .rodata        0x000000000011a5dc       0x96 binaries/rdsinit.o
 *fill*         0x000000000011a672        0x2 
 .rodata        0x000000000011a674       0x22 binaries/rdsopen.o
 *fill*         0x000000000011a696        0x2 
 .rodata        0x000000000011a698       0x4d binaries/rdsprocess.o
 .rodata        0x000000000011a6e5        0x9 binaries/raminit.o
 *fill*         0x000000000011a6ee        0x2 
 .rodata        0x000000000011a6f0       0x37 binaries/lfdballoc.o
 .rodata        0x000000000011a727       0x14 binaries/lfiballoc.o
 *fill*         0x000000000011a73b        0x1 
 .rodata        0x000000000011a73c       0x23 binaries/lflcontrol.o
 *fill*         0x000000000011a75f        0x1 
 .rodata        0x000000000011a760      0x11b binaries/lfsckfmt.o
 *fill*         0x000000000011a87b        0x1 
 .rodata        0x000000000011a87c       0x2a binaries/lfsopen.o
 *fill*         0x000000000011a8a6        0x2 
 .rodata        0x000000000011a8a8       0x21 binaries/rflread.o
 *fill*         0x000000000011a8c9        0x3 
 .rodata        0x000000000011a8cc       0x21 binaries/rflwrite.o
 *fill*         0x000000000011a8ed        0x3 
 .rodata        0x000000000011a8f0       0x75 binaries/rfscomm.o
 *fill*         0x000000000011a965        0x3 
 .rodata        0x000000000011a968       0x3c binaries/rfscontrol.o
 .rodata        0x000000000011a9a4       0x63 binaries/rfsinit.o
 *fill*         0x000000000011aa07        0x1 
 .rodata        0x000000000011aa08       0x2a binaries/rfsndmsg.o
 *fill*         0x000000000011aa32        0x2 
 .rodata        0x000000000011aa34       0x22 binaries/rfsopen.o
 *fill*         0x000000000011aa56        0x2 
 .rodata        0x000000000011aa58       0x3a binaries/arp.o
 *fill*         0x000000000011aa92        0x2 
 .rodata        0x000000000011aa94       0xcf binaries/dhcp.o
 .rodata        0x000000000011ab63       0x1a binaries/dns.o
 *fill*         0x000000000011ab7d        0x3 
 .rodata        0x000000000011ab80       0xc9 binaries/hexdump.o
 *fill*         0x000000000011ac49        0x3 
 .rodata        0x000000000011ac4c       0x29 binaries/icmp.o
 *fill*         0x000000000011ac75        0x3 
 .rodata        0x000000000011ac78       0x6e binaries/ip.o
 *fill*         0x000000000011ace6        0x2 
 .rodata        0x000000000011ace8       0x4f binaries/net.o
 *fill*         0x000000000011ad37        0x1 
 .rodata        0x000000000011ad38      0x26f binaries/pdump.o
 *fill*         0x000000000011afa7        0x1 
 .rodata        0x000000000011afa8      0x154 binaries/tftp.o
 *fill*         0x000000000011b0fc        0x4 
 .rodata        0x000000000011b100      0x3c1 binaries/shell.o
                0x000000000011b180                cmdtab
 .rodata        0x000000000011b4c1       0x28 binaries/xsh_argecho.o
 *fill*         0x000000000011b4e9        0x3 
 .rodata        0x000000000011b4ec      0x123 binaries/xsh_arp.o
 *fill*         0x000000000011b60f        0x1 
 .rodata        0x000000000011b610       0xc9 binaries/xsh_cat.o
 .rodata        0x000000000011b6d9       0x19 binaries/xsh_clear.o
 *fill*         0x000000000011b6f2        0x2 
 .rodata        0x000000000011b6f4      0x1c3 binaries/xsh_date.o
 .rodata        0x000000000011b8b7       0x5d binaries/xsh_devdump.o
 .rodata        0x000000000011b914        0x9 binaries/xsh_echo.o
 *fill*         0x000000000011b91d        0x3 
 .rodata        0x000000000011b920      0x169 binaries/xsh_help.o
 *fill*         0x000000000011ba89        0x3 
 .rodata        0x000000000011ba8c      0x12e binaries/xsh_kill.o
 *fill*         0x000000000011bbba        0x2 
 .rodata        0x000000000011bbbc      0x266 binaries/xsh_memdump.o
 *fill*         0x000000000011be22        0x2 
 .rodata        0x000000000011be24      0x225 binaries/xsh_memstat.o
 *fill*         0x000000000011c049        0x3 
 .rodata        0x000000000011c04c      0x1b0 binaries/xsh_netinfo.o
 .rodata        0x000000000011c1fc      0x1a1 binaries/xsh_ping.o
 *fill*         0x000000000011c39d        0x3 
 .rodata        0x000000000011c3a0      0x1e0 binaries/xsh_ps.o
 .rodata        0x000000000011c580       0xeb binaries/xsh_sleep.o
 *fill*         0x000000000011c66b        0x1 
 .rodata        0x000000000011c66c      0x1b8 binaries/xsh_udpdump.o
 .rodata        0x000000000011c824      0x215 binaries/xsh_udpecho.o
 *fill*         0x000000000011ca39        0x3 
 .rodata        0x000000000011ca3c      0x12b binaries/xsh_udpserver.o
 *fill*         0x000000000011cb67        0x1 
 .rodata        0x000000000011cb68      0x105 binaries/xsh_uptime.o
                0x000000000011cc6d                etext = ABSOLUTE (.)
                0x000000000011d000                . = ALIGN (0x1000)
 *fill*         0x000000000011cc6d      0x393 

.eh_frame       0x000000000011d000     0x31b4
 .eh_frame      0x000000000011d000       0x38 binaries/ascdate.o
 .eh_frame      0x000000000011d038       0x20 binaries/bufinit.o
                                         0x38 (size before relaxing)
 .eh_frame      0x000000000011d058       0x20 binaries/chprio.o
                                         0x38 (size before relaxing)
 .eh_frame      0x000000000011d078       0x20 binaries/clkhandler.o
                                         0x38 (size before relaxing)
 .eh_frame      0x000000000011d098       0x20 binaries/clkinit.o
                                         0x38 (size before relaxing)
 .eh_frame      0x000000000011d0b8       0x20 binaries/close.o
                                         0x38 (size before relaxing)
 .eh_frame      0x000000000011d0d8       0x20 binaries/control.o
                                         0x38 (size before relaxing)
 .eh_frame      0x000000000011d0f8      0x100 binaries/control_reg.o
                                        0x118 (size before relaxing)
 .eh_frame      0x000000000011d1f8       0x40 binaries/create.o
                                         0x58 (size before relaxing)
 .eh_frame      0x000000000011d238       0x60 binaries/directory.o
                                         0x78 (size before relaxing)
 .eh_frame      0x000000000011d298       0x60 binaries/evec.o
                                         0x78 (size before relaxing)
 .eh_frame      0x000000000011d2f8       0x20 binaries/exit.o
                                         0x38 (size before relaxing)
 .eh_frame      0x000000000011d318       0xe0 binaries/frame_management.o
                                         0xf8 (size before relaxing)
 .eh_frame      0x000000000011d3f8       0x80 binaries/frame_tables.o
                                         0x98 (size before relaxing)
 .eh_frame      0x000000000011d478       0x20 binaries/freebuf.o
                                         0x38 (size before relaxing)
 .eh_frame      0x000000000011d498       0x20 binaries/freemem.o
                                         0x38 (size before relaxing)
 .eh_frame      0x000000000011d4b8       0x20 binaries/getbuf.o
                                         0x38 (size before relaxing)
 .eh_frame      0x000000000011d4d8       0x20 binaries/getc.o
                                         0x38 (size before relaxing)
 .eh_frame      0x000000000011d4f8       0x20 binaries/getdev.o
                                         0x38 (size before relaxing)
 .eh_frame      0x000000000011d518       0x60 binaries/getitem.o
                                         0x78 (size before relaxing)
 .eh_frame      0x000000000011d578       0x20 binaries/getmem.o
                                         0x38 (size before relaxing)
 .eh_frame      0x000000000011d598       0x20 binaries/getpid.o
                                         0x38 (size before relaxing)
 .eh_frame      0x000000000011d5b8       0x20 binaries/getprio.o
                                         0x38 (size before relaxing)
 .eh_frame      0x000000000011d5d8       0x20 binaries/getstk.o
                                         0x38 (size before relaxing)
 .eh_frame      0x000000000011d5f8       0x20 binaries/getticks.o
                                         0x38 (size before relaxing)
 .eh_frame      0x000000000011d618       0x20 binaries/gettime.o
                                         0x38 (size before relaxing)
 .eh_frame      0x000000000011d638       0x20 binaries/getutime.o
                                         0x38 (size before relaxing)
 .eh_frame      0x000000000011d658       0x8c binaries/i386.o
                                         0xa4 (size before relaxing)
 .eh_frame      0x000000000011d6e4       0x20 binaries/init.o
                                         0x38 (size before relaxing)
 .eh_frame      0x000000000011d704       0xa0 binaries/initialize.o
                                         0xb8 (size before relaxing)
 .eh_frame      0x000000000011d7a4       0x20 binaries/insert.o
                                         0x38 (size before relaxing)
 .eh_frame      0x000000000011d7c4       0x20 binaries/insertd.o
                                         0x38 (size before relaxing)
 .eh_frame      0x000000000011d7e4       0x20 binaries/ioerr.o
                                         0x38 (size before relaxing)
 .eh_frame      0x000000000011d804       0x20 binaries/ionull.o
                                         0x38 (size before relaxing)
 .eh_frame      0x000000000011d824       0x20 binaries/kill.o
                                         0x38 (size before relaxing)
 .eh_frame      0x000000000011d844       0x60 binaries/kprintf.o
                                         0x78 (size before relaxing)
 .eh_frame      0x000000000011d8a4      0x18c binaries/main.o
                                        0x1a4 (size before relaxing)
 .eh_frame      0x000000000011da30       0x40 binaries/mark.o
                                         0x58 (size before relaxing)
 .eh_frame      0x000000000011da70       0x20 binaries/meminit.o
                                         0x38 (size before relaxing)
 .eh_frame      0x000000000011da90       0x20 binaries/mkbufpool.o
                                         0x38 (size before relaxing)
 .eh_frame      0x000000000011dab0       0x20 binaries/newqueue.o
                                         0x38 (size before relaxing)
 .eh_frame      0x000000000011dad0       0x20 binaries/open.o
                                         0x38 (size before relaxing)
 .eh_frame      0x000000000011daf0       0x60 binaries/pagefault_handler.o
                                         0x78 (size before relaxing)
 .eh_frame      0x000000000011db50       0x80 binaries/page_table.o
                                         0x98 (size before relaxing)
 .eh_frame      0x000000000011dbd0       0x1c binaries/panic.o
                                         0x34 (size before relaxing)
 .eh_frame      0x000000000011dbec      0x1c8 binaries/pci.o
                                        0x1e0 (size before relaxing)
 .eh_frame      0x000000000011ddb4       0x20 binaries/ptclear.o
                                         0x38 (size before relaxing)
 .eh_frame      0x000000000011ddd4       0x20 binaries/ptcount.o
                                         0x38 (size before relaxing)
 .eh_frame      0x000000000011ddf4       0x20 binaries/ptcreate.o
                                         0x38 (size before relaxing)
 .eh_frame      0x000000000011de14       0x20 binaries/ptdelete.o
                                         0x38 (size before relaxing)
 .eh_frame      0x000000000011de34       0x20 binaries/ptinit.o
                                         0x38 (size before relaxing)
 .eh_frame      0x000000000011de54       0x20 binaries/ptrecv.o
                                         0x38 (size before relaxing)
 .eh_frame      0x000000000011de74       0x20 binaries/ptreset.o
                                         0x38 (size before relaxing)
 .eh_frame      0x000000000011de94       0x20 binaries/ptsend.o
                                         0x38 (size before relaxing)
 .eh_frame      0x000000000011deb4       0x20 binaries/putc.o
                                         0x38 (size before relaxing)
 .eh_frame      0x000000000011ded4       0x40 binaries/queue.o
                                         0x58 (size before relaxing)
 .eh_frame      0x000000000011df14       0x20 binaries/read.o
                                         0x38 (size before relaxing)
 .eh_frame      0x000000000011df34       0x24 binaries/ready.o
                                         0x3c (size before relaxing)
 .eh_frame      0x000000000011df58       0x20 binaries/receive.o
                                         0x38 (size before relaxing)
 .eh_frame      0x000000000011df78       0x20 binaries/recvclr.o
                                         0x38 (size before relaxing)
 .eh_frame      0x000000000011df98       0x20 binaries/recvtime.o
                                         0x38 (size before relaxing)
 .eh_frame      0x000000000011dfb8       0x40 binaries/resched.o
                                         0x58 (size before relaxing)
 .eh_frame      0x000000000011dff8       0x20 binaries/resume.o
                                         0x38 (size before relaxing)
 .eh_frame      0x000000000011e018       0x20 binaries/seek.o
                                         0x38 (size before relaxing)
 .eh_frame      0x000000000011e038       0x20 binaries/semcount.o
                                         0x38 (size before relaxing)
 .eh_frame      0x000000000011e058       0x40 binaries/semcreate.o
                                         0x58 (size before relaxing)
 .eh_frame      0x000000000011e098       0x20 binaries/semdelete.o
                                         0x38 (size before relaxing)
 .eh_frame      0x000000000011e0b8       0x20 binaries/semreset.o
                                         0x38 (size before relaxing)
 .eh_frame      0x000000000011e0d8       0x20 binaries/send.o
                                         0x38 (size before relaxing)
 .eh_frame      0x000000000011e0f8       0x20 binaries/signal.o
                                         0x38 (size before relaxing)
 .eh_frame      0x000000000011e118       0x20 binaries/signaln.o
                                         0x38 (size before relaxing)
 .eh_frame      0x000000000011e138       0x40 binaries/sleep.o
                                         0x58 (size before relaxing)
 .eh_frame      0x000000000011e178       0x20 binaries/stacktrace.o
                                         0x38 (size before relaxing)
 .eh_frame      0x000000000011e198       0x20 binaries/suspend.o
                                         0x38 (size before relaxing)
 .eh_frame      0x000000000011e1b8       0x20 binaries/unsleep.o
                                         0x38 (size before relaxing)
 .eh_frame      0x000000000011e1d8       0x20 binaries/userret.o
                                         0x38 (size before relaxing)
 .eh_frame      0x000000000011e1f8       0x44 binaries/vcreate.o
                                         0x5c (size before relaxing)
 .eh_frame      0x000000000011e23c       0x20 binaries/vfree.o
                                         0x38 (size before relaxing)
 .eh_frame      0x000000000011e25c       0x20 binaries/vmalloc.o
                                         0x38 (size before relaxing)
 .eh_frame      0x000000000011e27c       0x20 binaries/wait.o
                                         0x38 (size before relaxing)
 .eh_frame      0x000000000011e29c       0x20 binaries/wakeup.o
                                         0x38 (size before relaxing)
 .eh_frame      0x000000000011e2bc       0x20 binaries/write.o
                                         0x38 (size before relaxing)
 .eh_frame      0x000000000011e2dc       0x20 binaries/xdone.o
                                         0x38 (size before relaxing)
 .eh_frame      0x000000000011e2fc       0x20 binaries/yield.o
                                         0x38 (size before relaxing)
 .eh_frame      0x000000000011e31c       0x20 binaries/abs.o
                                         0x38 (size before relaxing)
 .eh_frame      0x000000000011e33c       0x20 binaries/atoi.o
                                         0x38 (size before relaxing)
 .eh_frame      0x000000000011e35c       0x20 binaries/atol.o
                                         0x38 (size before relaxing)
 .eh_frame      0x000000000011e37c       0x20 binaries/bzero.o
                                         0x38 (size before relaxing)
 .eh_frame      0x000000000011e39c       0xe0 binaries/doprnt.o
                                         0xf8 (size before relaxing)
 .eh_frame      0x000000000011e47c       0xb0 binaries/doscan.o
                                         0xc8 (size before relaxing)
 .eh_frame      0x000000000011e52c       0xc0 binaries/fdoprnt.o
                                         0xd8 (size before relaxing)
 .eh_frame      0x000000000011e5ec       0x20 binaries/fgetc.o
                                         0x38 (size before relaxing)
 .eh_frame      0x000000000011e60c       0x20 binaries/fgets.o
                                         0x38 (size before relaxing)
 .eh_frame      0x000000000011e62c       0x20 binaries/fprintf.o
                                         0x38 (size before relaxing)
 .eh_frame      0x000000000011e64c       0x20 binaries/fputc.o
                                         0x38 (size before relaxing)
 .eh_frame      0x000000000011e66c       0x20 binaries/fputs.o
                                         0x38 (size before relaxing)
 .eh_frame      0x000000000011e68c       0x60 binaries/fscanf.o
                                         0x78 (size before relaxing)
 .eh_frame      0x000000000011e6ec       0x20 binaries/getchar.o
                                         0x38 (size before relaxing)
 .eh_frame      0x000000000011e70c       0x20 binaries/labs.o
                                         0x38 (size before relaxing)
 .eh_frame      0x000000000011e72c       0x20 binaries/memcmp.o
                                         0x38 (size before relaxing)
 .eh_frame      0x000000000011e74c       0x24 binaries/memcpy.o
                                         0x3c (size before relaxing)
 .eh_frame      0x000000000011e770       0x24 binaries/memset.o
                                         0x3c (size before relaxing)
 .eh_frame      0x000000000011e794       0x20 binaries/printf.o
                                         0x38 (size before relaxing)
 .eh_frame      0x000000000011e7b4       0x20 binaries/putchar.o
                                         0x38 (size before relaxing)
 .eh_frame      0x000000000011e7d4       0xa8 binaries/qsort.o
                                         0xc0 (size before relaxing)
 .eh_frame      0x000000000011e87c       0x60 binaries/rand.o
                                         0x78 (size before relaxing)
 .eh_frame      0x000000000011e8dc       0x40 binaries/sprintf.o
                                         0x58 (size before relaxing)
 .eh_frame      0x000000000011e91c       0x60 binaries/sscanf.o
                                         0x78 (size before relaxing)
 .eh_frame      0x000000000011e97c       0x20 binaries/strchr.o
                                         0x38 (size before relaxing)
 .eh_frame      0x000000000011e99c       0x20 binaries/strcmp.o
                                         0x38 (size before relaxing)
 .eh_frame      0x000000000011e9bc       0x20 binaries/strcpy.o
                                         0x38 (size before relaxing)
 .eh_frame      0x000000000011e9dc       0x20 binaries/strlen.o
                                         0x38 (size before relaxing)
 .eh_frame      0x000000000011e9fc       0x20 binaries/strncat.o
                                         0x38 (size before relaxing)
 .eh_frame      0x000000000011ea1c       0x20 binaries/strncmp.o
                                         0x38 (size before relaxing)
 .eh_frame      0x000000000011ea3c       0x28 binaries/strncpy.o
                                         0x40 (size before relaxing)
 .eh_frame      0x000000000011ea64       0x20 binaries/strnlen.o
                                         0x38 (size before relaxing)
 .eh_frame      0x000000000011ea84       0x20 binaries/strrchr.o
                                         0x38 (size before relaxing)
 .eh_frame      0x000000000011eaa4       0x20 binaries/strstr.o
                                         0x38 (size before relaxing)
 .eh_frame      0x000000000011eac4       0x20 binaries/ttycontrol.o
                                         0x38 (size before relaxing)
 .eh_frame      0x000000000011eae4       0x20 binaries/ttygetc.o
                                         0x38 (size before relaxing)
 .eh_frame      0x000000000011eb04       0x80 binaries/ttyhandle_in.o
                                         0x98 (size before relaxing)
 .eh_frame      0x000000000011eb84       0x20 binaries/ttyhandle_out.o
                                         0x38 (size before relaxing)
 .eh_frame      0x000000000011eba4       0x20 binaries/ttyhandler.o
                                         0x38 (size before relaxing)
 .eh_frame      0x000000000011ebc4       0x20 binaries/ttyinit.o
                                         0x38 (size before relaxing)
 .eh_frame      0x000000000011ebe4       0x20 binaries/ttykickout.o
                                         0x38 (size before relaxing)
 .eh_frame      0x000000000011ec04       0x20 binaries/ttyputc.o
                                         0x38 (size before relaxing)
 .eh_frame      0x000000000011ec24       0x24 binaries/ttyread.o
                                         0x3c (size before relaxing)
 .eh_frame      0x000000000011ec48       0x20 binaries/ttywrite.o
                                         0x38 (size before relaxing)
 .eh_frame      0x000000000011ec68       0x40 binaries/mount.o
                                         0x58 (size before relaxing)
 .eh_frame      0x000000000011eca8       0x20 binaries/naminit.o
                                         0x38 (size before relaxing)
 .eh_frame      0x000000000011ecc8       0x60 binaries/nammap.o
                                         0x78 (size before relaxing)
 .eh_frame      0x000000000011ed28       0x20 binaries/namopen.o
                                         0x38 (size before relaxing)
 .eh_frame      0x000000000011ed48      0x150 binaries/82545EMInit.o
                                        0x168 (size before relaxing)
 .eh_frame      0x000000000011ee98       0xa0 binaries/ethcontrol.o
                                         0xb8 (size before relaxing)
 .eh_frame      0x000000000011ef38       0x80 binaries/ethhandler.o
                                         0x98 (size before relaxing)
 .eh_frame      0x000000000011efb8       0x20 binaries/ethinit.o
                                         0x38 (size before relaxing)
 .eh_frame      0x000000000011efd8       0x60 binaries/ethread.o
                                         0x78 (size before relaxing)
 .eh_frame      0x000000000011f038       0x60 binaries/ethwrite.o
                                         0x78 (size before relaxing)
 .eh_frame      0x000000000011f098       0x20 binaries/rdsbufalloc.o
                                         0x38 (size before relaxing)
 .eh_frame      0x000000000011f0b8       0x20 binaries/rdsclose.o
                                         0x38 (size before relaxing)
 .eh_frame      0x000000000011f0d8       0x20 binaries/rdscomm.o
                                         0x38 (size before relaxing)
 .eh_frame      0x000000000011f0f8       0x20 binaries/rdscontrol.o
                                         0x38 (size before relaxing)
 .eh_frame      0x000000000011f118       0x20 binaries/rdsinit.o
                                         0x38 (size before relaxing)
 .eh_frame      0x000000000011f138       0x20 binaries/rdsopen.o
                                         0x38 (size before relaxing)
 .eh_frame      0x000000000011f158       0x1c binaries/rdsprocess.o
                                         0x34 (size before relaxing)
 .eh_frame      0x000000000011f174       0x20 binaries/rdsread.o
                                         0x38 (size before relaxing)
 .eh_frame      0x000000000011f194       0x20 binaries/rdswrite.o
                                         0x38 (size before relaxing)
 .eh_frame      0x000000000011f1b4       0x20 binaries/ramclose.o
                                         0x38 (size before relaxing)
 .eh_frame      0x000000000011f1d4       0x20 binaries/raminit.o
                                         0x38 (size before relaxing)
 .eh_frame      0x000000000011f1f4       0x20 binaries/ramopen.o
                                         0x38 (size before relaxing)
 .eh_frame      0x000000000011f214       0x20 binaries/ramread.o
                                         0x38 (size before relaxing)
 .eh_frame      0x000000000011f234       0x20 binaries/ramwrite.o
                                         0x38 (size before relaxing)
 .eh_frame      0x000000000011f254       0x20 binaries/lfdballoc.o
                                         0x38 (size before relaxing)
 .eh_frame      0x000000000011f274       0x20 binaries/lfdbfree.o
                                         0x38 (size before relaxing)
 .eh_frame      0x000000000011f294       0x20 binaries/lfflush.o
                                         0x38 (size before relaxing)
 .eh_frame      0x000000000011f2b4       0x20 binaries/lfgetmode.o
                                         0x38 (size before relaxing)
 .eh_frame      0x000000000011f2d4       0x20 binaries/lfiballoc.o
                                         0x38 (size before relaxing)
 .eh_frame      0x000000000011f2f4       0x20 binaries/lfibclear.o
                                         0x38 (size before relaxing)
 .eh_frame      0x000000000011f314       0x20 binaries/lfibget.o
                                         0x38 (size before relaxing)
 .eh_frame      0x000000000011f334       0x20 binaries/lfibput.o
                                         0x38 (size before relaxing)
 .eh_frame      0x000000000011f354       0x20 binaries/lflclose.o
                                         0x38 (size before relaxing)
 .eh_frame      0x000000000011f374       0x20 binaries/lflcontrol.o
                                         0x38 (size before relaxing)
 .eh_frame      0x000000000011f394       0x20 binaries/lflgetc.o
                                         0x38 (size before relaxing)
 .eh_frame      0x000000000011f3b4       0x20 binaries/lflinit.o
                                         0x38 (size before relaxing)
 .eh_frame      0x000000000011f3d4       0x20 binaries/lflputc.o
                                         0x38 (size before relaxing)
 .eh_frame      0x000000000011f3f4       0x20 binaries/lflread.o
                                         0x38 (size before relaxing)
 .eh_frame      0x000000000011f414       0x20 binaries/lflseek.o
                                         0x38 (size before relaxing)
 .eh_frame      0x000000000011f434       0x20 binaries/lflwrite.o
                                         0x38 (size before relaxing)
 .eh_frame      0x000000000011f454       0x20 binaries/lfscheck.o
                                         0x38 (size before relaxing)
 .eh_frame      0x000000000011f474       0x20 binaries/lfsckfmt.o
                                         0x38 (size before relaxing)
 .eh_frame      0x000000000011f494       0x20 binaries/lfscreate.o
                                         0x38 (size before relaxing)
 .eh_frame      0x000000000011f4b4       0x20 binaries/lfsetup.o
                                         0x38 (size before relaxing)
 .eh_frame      0x000000000011f4d4       0x20 binaries/lfsinit.o
                                         0x38 (size before relaxing)
 .eh_frame      0x000000000011f4f4       0x20 binaries/lfsopen.o
                                         0x38 (size before relaxing)
 .eh_frame      0x000000000011f514       0x20 binaries/lftruncate.o
                                         0x38 (size before relaxing)
 .eh_frame      0x000000000011f534       0x20 binaries/rflclose.o
                                         0x38 (size before relaxing)
 .eh_frame      0x000000000011f554       0x20 binaries/rflgetc.o
                                         0x38 (size before relaxing)
 .eh_frame      0x000000000011f574       0x20 binaries/rflinit.o
                                         0x38 (size before relaxing)
 .eh_frame      0x000000000011f594       0x20 binaries/rflputc.o
                                         0x38 (size before relaxing)
 .eh_frame      0x000000000011f5b4       0x20 binaries/rflread.o
                                         0x38 (size before relaxing)
 .eh_frame      0x000000000011f5d4       0x20 binaries/rflseek.o
                                         0x38 (size before relaxing)
 .eh_frame      0x000000000011f5f4       0x20 binaries/rflwrite.o
                                         0x38 (size before relaxing)
 .eh_frame      0x000000000011f614       0x20 binaries/rfscomm.o
                                         0x38 (size before relaxing)
 .eh_frame      0x000000000011f634       0x20 binaries/rfscontrol.o
                                         0x38 (size before relaxing)
 .eh_frame      0x000000000011f654       0x20 binaries/rfsgetmode.o
                                         0x38 (size before relaxing)
 .eh_frame      0x000000000011f674       0x20 binaries/rfsinit.o
                                         0x38 (size before relaxing)
 .eh_frame      0x000000000011f694       0x20 binaries/rfsndmsg.o
                                         0x38 (size before relaxing)
 .eh_frame      0x000000000011f6b4       0x20 binaries/rfsopen.o
                                         0x38 (size before relaxing)
 .eh_frame      0x000000000011f6d4       0xc0 binaries/arp.o
                                         0xd8 (size before relaxing)
 .eh_frame      0x000000000011f794       0xa0 binaries/dhcp.o
                                         0xb8 (size before relaxing)
 .eh_frame      0x000000000011f834       0x80 binaries/dns.o
                                         0x98 (size before relaxing)
 .eh_frame      0x000000000011f8b4       0x20 binaries/dot2ip.o
                                         0x38 (size before relaxing)
 .eh_frame      0x000000000011f8d4       0x40 binaries/hexdump.o
                                         0x58 (size before relaxing)
 .eh_frame      0x000000000011f914      0x14c binaries/icmp.o
                                        0x164 (size before relaxing)
 .eh_frame      0x000000000011fa60      0x11c binaries/ip.o
                                        0x134 (size before relaxing)
 .eh_frame      0x000000000011fb7c       0xa0 binaries/net.o
                                         0xb8 (size before relaxing)
 .eh_frame      0x000000000011fc1c       0x60 binaries/pdump.o
                                         0x78 (size before relaxing)
 .eh_frame      0x000000000011fc7c       0x60 binaries/tftp.o
                                         0x78 (size before relaxing)
 .eh_frame      0x000000000011fcdc      0x140 binaries/udp.o
                                        0x158 (size before relaxing)
 .eh_frame      0x000000000011fe1c       0x20 binaries/addargs.o
                                         0x38 (size before relaxing)
 .eh_frame      0x000000000011fe3c       0x20 binaries/lexan.o
                                         0x38 (size before relaxing)
 .eh_frame      0x000000000011fe5c       0x20 binaries/shell.o
                                         0x38 (size before relaxing)
 .eh_frame      0x000000000011fe7c       0x20 binaries/xsh_argecho.o
                                         0x38 (size before relaxing)
 .eh_frame      0x000000000011fe9c       0x40 binaries/xsh_arp.o
                                         0x58 (size before relaxing)
 .eh_frame      0x000000000011fedc       0x20 binaries/xsh_cat.o
                                         0x38 (size before relaxing)
 .eh_frame      0x000000000011fefc       0x20 binaries/xsh_clear.o
                                         0x38 (size before relaxing)
 .eh_frame      0x000000000011ff1c       0x20 binaries/xsh_date.o
                                         0x38 (size before relaxing)
 .eh_frame      0x000000000011ff3c       0x20 binaries/xsh_devdump.o
                                         0x38 (size before relaxing)
 .eh_frame      0x000000000011ff5c       0x20 binaries/xsh_echo.o
                                         0x38 (size before relaxing)
 .eh_frame      0x000000000011ff7c       0x20 binaries/xsh_exit.o
                                         0x38 (size before relaxing)
 .eh_frame      0x000000000011ff9c       0x20 binaries/xsh_help.o
                                         0x38 (size before relaxing)
 .eh_frame      0x000000000011ffbc       0x20 binaries/xsh_kill.o
                                         0x38 (size before relaxing)
 .eh_frame      0x000000000011ffdc       0x40 binaries/xsh_memdump.o
                                         0x58 (size before relaxing)
 .eh_frame      0x000000000012001c       0x60 binaries/xsh_memstat.o
                                         0x78 (size before relaxing)
 .eh_frame      0x000000000012007c       0x30 binaries/xsh_netinfo.o
                                         0x48 (size before relaxing)
 .eh_frame      0x00000000001200ac       0x24 binaries/xsh_ping.o
                                         0x3c (size before relaxing)
 .eh_frame      0x00000000001200d0       0x30 binaries/xsh_ps.o
                                         0x48 (size before relaxing)
 .eh_frame      0x0000000000120100       0x20 binaries/xsh_sleep.o
                                         0x38 (size before relaxing)
 .eh_frame      0x0000000000120120       0x20 binaries/xsh_udpdump.o
                                         0x38 (size before relaxing)
 .eh_frame      0x0000000000120140       0x30 binaries/xsh_udpecho.o
                                         0x48 (size before relaxing)
 .eh_frame      0x0000000000120170       0x24 binaries/xsh_udpserver.o
                                         0x3c (size before relaxing)
 .eh_frame      0x0000000000120194       0x20 binaries/xsh_uptime.o
                                         0x38 (size before relaxing)

.iplt           0x00000000001201c0        0x0
 .iplt          0x00000000001201c0        0x0 binaries/start.o

[...]
 .comment       0x000000000000001d       0x1e binaries/lexan.o
 .comment       0x000000000000001d       0x1e binaries/shell.o
 .comment       0x000000000000001d       0x1e binaries/xsh_argecho.o
 .comment       0x000000000000001d       0x1e binaries/xsh_arp.o
 .comment       0x000000000000001d       0x1e binaries/xsh_cat.o
 .comment       0x000000000000001d       0x1e binaries/xsh_clear.o
 .comment       0x000000000000001d       0x1e binaries/xsh_date.o
 .comment       0x000000000000001d       0x1e binaries/xsh_devdump.o
 .comment       0x000000000000001d       0x1e binaries/xsh_echo.o
 .comment       0x000000000000001d       0x1e binaries/xsh_exit.o
 .comment       0x000000000000001d       0x1e binaries/xsh_help.o
 .comment       0x000000000000001d       0x1e binaries/xsh_kill.o
 .comment       0x000000000000001d       0x1e binaries/xsh_memdump.o
 .comment       0x000000000000001d       0x1e binaries/xsh_memstat.o
 .comment       0x000000000000001d       0x1e binaries/xsh_netinfo.o
 .comment       0x000000000000001d       0x1e binaries/xsh_ping.o
 .comment       0x000000000000001d       0x1e binaries/xsh_ps.o
 .comment       0x000000000000001d       0x1e binaries/xsh_sleep.o
 .comment       0x000000000000001d       0x1e binaries/xsh_udpdump.o
 .comment       0x000000000000001d       0x1e binaries/xsh_udpecho.o
 .comment       0x000000000000001d       0x1e binaries/xsh_udpserver.o
 .comment       0x000000000000001d       0x1e binaries/xsh_uptime.o

.note.GNU-stack
                0x0000000000000000        0x0
 .note.GNU-stack
                0x0000000000000000        0x0 binaries/ascdate.o
 .note.GNU-stack
                0x0000000000000000        0x0 binaries/bufinit.o
 .note.GNU-stack
                0x0000000000000000        0x0 binaries/chprio.o
 .note.GNU-stack
                0x0000000000000000        0x0 binaries/clkhandler.o
 .note.GNU-stack
                0x0000000000000000        0x0 binaries/clkinit.o
 .note.GNU-stack
                0x0000000000000000        0x0 binaries/close.o
 .note.GNU-stack
                0x0000000000000000        0x0 binaries/conf.o
 .note.GNU-stack
                0x0000000000000000        0x0 binaries/control.o
 .note.GNU-stack
                0x0000000000000000        0x0 binaries/control_reg.o
 .note.GNU-stack
                0x0000000000000000        0x0 binaries/create.o
 .note.GNU-stack
                0x0000000000000000        0x0 binaries/directory.o
 .note.GNU-stack
                0x0000000000000000        0x0 binaries/evec.o
 .note.GNU-stack
                0x0000000000000000        0x0 binaries/exit.o
 .note.GNU-stack
                0x0000000000000000        0x0 binaries/frame_management.o
 .note.GNU-stack
                0x0000000000000000        0x0 binaries/frame_tables.o
 .note.GNU-stack
                0x0000000000000000        0x0 binaries/freebuf.o
 .note.GNU-stack
                0x0000000000000000        0x0 binaries/freemem.o
 .note.GNU-stack
                0x0000000000000000        0x0 binaries/getbuf.o
 .note.GNU-stack
                0x0000000000000000        0x0 binaries/getc.o
 .note.GNU-stack
                0x0000000000000000        0x0 binaries/getdev.o
 .note.GNU-stack
                0x0000000000000000        0x0 binaries/getitem.o
 .note.GNU-stack
                0x0000000000000000        0x0 binaries/getmem.o
 .note.GNU-stack
                0x0000000000000000        0x0 binaries/getpid.o
 .note.GNU-stack
                0x0000000000000000        0x0 binaries/getprio.o
 .note.GNU-stack
                0x0000000000000000        0x0 binaries/getstk.o
 .note.GNU-stack
                0x0000000000000000        0x0 binaries/getticks.o
 .note.GNU-stack
                0x0000000000000000        0x0 binaries/gettime.o
 .note.GNU-stack
                0x0000000000000000        0x0 binaries/getutime.o
 .note.GNU-stack
                0x0000000000000000        0x0 binaries/i386.o
 .note.GNU-stack
                0x0000000000000000        0x0 binaries/init.o
 .note.GNU-stack
                0x0000000000000000        0x0 binaries/initialize.o
 .note.GNU-stack
                0x0000000000000000        0x0 binaries/insert.o
 .note.GNU-stack
                0x0000000000000000        0x0 binaries/insertd.o
 .note.GNU-stack
                0x0000000000000000        0x0 binaries/ioerr.o
 .note.GNU-stack
                0x0000000000000000        0x0 binaries/ionull.o
 .note.GNU-stack
                0x0000000000000000        0x0 binaries/kill.o
 .note.GNU-stack
                0x0000000000000000        0x0 binaries/kprintf.o
 .note.GNU-stack
                0x0000000000000000        0x0 binaries/main.o
 .note.GNU-stack
                0x0000000000000000        0x0 binaries/mark.o
 .note.GNU-stack
                0x0000000000000000        0x0 binaries/meminit.o
 .note.GNU-stack
                0x0000000000000000        0x0 binaries/mkbufpool.o
 .note.GNU-stack
                0x0000000000000000        0x0 binaries/newqueue.o
 .note.GNU-stack
                0x0000000000000000        0x0 binaries/open.o
 .note.GNU-stack
                0x0000000000000000        0x0 binaries/pagefault_handler.o
 .note.GNU-stack
                0x0000000000000000        0x0 binaries/page_table.o
 .note.GNU-stack
                0x0000000000000000        0x0 binaries/panic.o
 .note.GNU-stack
                0x0000000000000000        0x0 binaries/pci.o
 .note.GNU-stack
                0x0000000000000000        0x0 binaries/ptclear.o
 .note.GNU-stack
                0x0000000000000000        0x0 binaries/ptcount.o
 .note.GNU-stack
                0x0000000000000000        0x0 binaries/ptcreate.o
 .note.GNU-stack
                0x0000000000000000        0x0 binaries/ptdelete.o
 .note.GNU-stack
                0x0000000000000000        0x0 binaries/ptinit.o
 .note.GNU-stack
                0x0000000000000000        0x0 binaries/ptrecv.o
 .note.GNU-stack
                0x0000000000000000        0x0 binaries/ptreset.o
 .note.GNU-stack
                0x0000000000000000        0x0 binaries/ptsend.o
 .note.GNU-stack
                0x0000000000000000        0x0 binaries/putc.o
 .note.GNU-stack
                0x0000000000000000        0x0 binaries/queue.o
 .note.GNU-stack
                0x0000000000000000        0x0 binaries/read.o
 .note.GNU-stack
                0x0000000000000000        0x0 binaries/ready.o
 .note.GNU-stack
                0x0000000000000000        0x0 binaries/receive.o
 .note.GNU-stack
                0x0000000000000000        0x0 binaries/recvclr.o
 .note.GNU-stack
                0x0000000000000000        0x0 binaries/recvtime.o
 .note.GNU-stack
                0x0000000000000000        0x0 binaries/resched.o
 .note.GNU-stack
                0x0000000000000000        0x0 binaries/resume.o
 .note.GNU-stack
                0x0000000000000000        0x0 binaries/seek.o
 .note.GNU-stack
                0x0000000000000000        0x0 binaries/semcount.o
 .note.GNU-stack
                0x0000000000000000        0x0 binaries/semcreate.o
 .note.GNU-stack
                0x0000000000000000        0x0 binaries/semdelete.o
 .note.GNU-stack
                0x0000000000000000        0x0 binaries/semreset.o
 .note.GNU-stack
                0x0000000000000000        0x0 binaries/send.o
 .note.GNU-stack
                0x0000000000000000        0x0 binaries/signal.o
 .note.GNU-stack
                0x0000000000000000        0x0 binaries/signaln.o
 .note.GNU-stack
                0x0000000000000000        0x0 binaries/sleep.o
 .note.GNU-stack
                0x0000000000000000        0x0 binaries/stacktrace.o
 .note.GNU-stack
                0x0000000000000000        0x0 binaries/suspend.o
 .note.GNU-stack
                0x0000000000000000        0x0 binaries/unsleep.o
 .note.GNU-stack
                0x0000000000000000        0x0 binaries/userret.o
 .note.GNU-stack
                0x0000000000000000        0x0 binaries/vcreate.o
 .note.GNU-stack
                0x0000000000000000        0x0 binaries/vfree.o
 .note.GNU-stack
                0x0000000000000000        0x0 binaries/vmalloc.o
 .note.GNU-stack
                0x0000000000000000        0x0 binaries/wait.o
 .note.GNU-stack
                0x0000000000000000        0x0 binaries/wakeup.o
 .note.GNU-stack
                0x0000000000000000        0x0 binaries/write.o
 .note.GNU-stack
                0x0000000000000000        0x0 binaries/xdone.o
 .note.GNU-stack
                0x0000000000000000        0x0 binaries/yield.o
 .note.GNU-stack
                0x0000000000000000        0x0 binaries/abs.o
 .note.GNU-stack
                0x0000000000000000        0x0 binaries/atoi.o
 .note.GNU-stack
                0x0000000000000000        0x0 binaries/atol.o
 .note.GNU-stack
                0x0000000000000000        0x0 binaries/bzero.o
 .note.GNU-stack
                0x0000000000000000        0x0 binaries/ctype_.o
 .note.GNU-stack
                0x0000000000000000        0x0 binaries/doprnt.o
 .note.GNU-stack
                0x0000000000000000        0x0 binaries/doscan.o
 .note.GNU-stack
                0x0000000000000000        0x0 binaries/fdoprnt.o
 .note.GNU-stack
                0x0000000000000000        0x0 binaries/fgetc.o
 .note.GNU-stack
                0x0000000000000000        0x0 binaries/fgets.o
 .note.GNU-stack
                0x0000000000000000        0x0 binaries/fprintf.o
 .note.GNU-stack
                0x0000000000000000        0x0 binaries/fputc.o
 .note.GNU-stack
                0x0000000000000000        0x0 binaries/fputs.o
 .note.GNU-stack
                0x0000000000000000        0x0 binaries/fscanf.o
 .note.GNU-stack
                0x0000000000000000        0x0 binaries/getchar.o
 .note.GNU-stack
                0x0000000000000000        0x0 binaries/labs.o
 .note.GNU-stack
                0x0000000000000000        0x0 binaries/memchr.o
 .note.GNU-stack
                0x0000000000000000        0x0 binaries/memcmp.o
 .note.GNU-stack
                0x0000000000000000        0x0 binaries/memcpy.o
 .note.GNU-stack
                0x0000000000000000        0x0 binaries/memset.o
 .note.GNU-stack
                0x0000000000000000        0x0 binaries/printf.o
 .note.GNU-stack
                0x0000000000000000        0x0 binaries/putchar.o
 .note.GNU-stack
                0x0000000000000000        0x0 binaries/qsort.o
 .note.GNU-stack
                0x0000000000000000        0x0 binaries/rand.o
 .note.GNU-stack
                0x0000000000000000        0x0 binaries/sprintf.o
 .note.GNU-stack
                0x0000000000000000        0x0 binaries/sscanf.o
 .note.GNU-stack
                0x0000000000000000        0x0 binaries/strchr.o
 .note.GNU-stack
                0x0000000000000000        0x0 binaries/strcmp.o
 .note.GNU-stack
                0x0000000000000000        0x0 binaries/strcpy.o
 .note.GNU-stack
                0x0000000000000000        0x0 binaries/strlen.o
 .note.GNU-stack
                0x0000000000000000        0x0 binaries/strncat.o
 .note.GNU-stack
                0x0000000000000000        0x0 binaries/strncmp.o
 .note.GNU-stack
                0x0000000000000000        0x0 binaries/strncpy.o
 .note.GNU-stack
                0x0000000000000000        0x0 binaries/strnlen.o
 .note.GNU-stack
                0x0000000000000000        0x0 binaries/strrchr.o
 .note.GNU-stack
                0x0000000000000000        0x0 binaries/strstr.o
 .note.GNU-stack
                0x0000000000000000        0x0 binaries/ttycontrol.o
 .note.GNU-stack
                0x0000000000000000        0x0 binaries/ttygetc.o
 .note.GNU-stack
                0x0000000000000000        0x0 binaries/ttyhandle_in.o
 .note.GNU-stack
                0x0000000000000000        0x0 binaries/ttyhandle_out.o
 .note.GNU-stack
                0x0000000000000000        0x0 binaries/ttyhandler.o
 .note.GNU-stack
                0x0000000000000000        0x0 binaries/ttyinit.o
 .note.GNU-stack
                0x0000000000000000        0x0 binaries/ttykickout.o
 .note.GNU-stack
                0x0000000000000000        0x0 binaries/ttyputc.o
 .note.GNU-stack
                0x0000000000000000        0x0 binaries/ttyread.o
 .note.GNU-stack
                0x0000000000000000        0x0 binaries/ttywrite.o
 .note.GNU-stack
                0x0000000000000000        0x0 binaries/mount.o
 .note.GNU-stack
                0x0000000000000000        0x0 binaries/naminit.o
 .note.GNU-stack
                0x0000000000000000        0x0 binaries/nammap.o
 .note.GNU-stack
                0x0000000000000000        0x0 binaries/namopen.o
 .note.GNU-stack
                0x0000000000000000        0x0 binaries/82545EMInit.o
 .note.GNU-stack
                0x0000000000000000        0x0 binaries/ethcontrol.o
 .note.GNU-stack
                0x0000000000000000        0x0 binaries/ethhandler.o
 .note.GNU-stack
                0x0000000000000000        0x0 binaries/ethinit.o
 .note.GNU-stack
                0x0000000000000000        0x0 binaries/ethread.o
 .note.GNU-stack
                0x0000000000000000        0x0 binaries/ethwrite.o
 .note.GNU-stack
                0x0000000000000000        0x0 binaries/rdsbufalloc.o
 .note.GNU-stack
                0x0000000000000000        0x0 binaries/rdsclose.o
 .note.GNU-stack
                0x0000000000000000        0x0 binaries/rdscomm.o
 .note.GNU-stack
                0x0000000000000000        0x0 binaries/rdscontrol.o
 .note.GNU-stack
                0x0000000000000000        0x0 binaries/rdsinit.o
 .note.GNU-stack
                0x0000000000000000        0x0 binaries/rdsopen.o
 .note.GNU-stack
                0x0000000000000000        0x0 binaries/rdsprocess.o
 .note.GNU-stack
                0x0000000000000000        0x0 binaries/rdsread.o
 .note.GNU-stack
                0x0000000000000000        0x0 binaries/rdswrite.o
 .note.GNU-stack
                0x0000000000000000        0x0 binaries/ramclose.o
 .note.GNU-stack
                0x0000000000000000        0x0 binaries/raminit.o
 .note.GNU-stack
                0x0000000000000000        0x0 binaries/ramopen.o
 .note.GNU-stack
                0x0000000000000000        0x0 binaries/ramread.o
 .note.GNU-stack
                0x0000000000000000        0x0 binaries/ramwrite.o
 .note.GNU-stack
                0x0000000000000000        0x0 binaries/lfdballoc.o
 .note.GNU-stack
                0x0000000000000000        0x0 binaries/lfdbfree.o
 .note.GNU-stack
                0x0000000000000000        0x0 binaries/lfflush.o
 .note.GNU-stack
                0x0000000000000000        0x0 binaries/lfgetmode.o
 .note.GNU-stack
                0x0000000000000000        0x0 binaries/lfiballoc.o
 .note.GNU-stack
                0x0000000000000000        0x0 binaries/lfibclear.o
 .note.GNU-stack
                0x0000000000000000        0x0 binaries/lfibget.o
 .note.GNU-stack
                0x0000000000000000        0x0 binaries/lfibput.o
 .note.GNU-stack
                0x0000000000000000        0x0 binaries/lflclose.o
 .note.GNU-stack
                0x0000000000000000        0x0 binaries/lflcontrol.o
 .note.GNU-stack
                0x0000000000000000        0x0 binaries/lflgetc.o
 .note.GNU-stack
                0x0000000000000000        0x0 binaries/lflinit.o
 .note.GNU-stack
                0x0000000000000000        0x0 binaries/lflputc.o
 .note.GNU-stack
                0x0000000000000000        0x0 binaries/lflread.o
 .note.GNU-stack
                0x0000000000000000        0x0 binaries/lflseek.o
 .note.GNU-stack
                0x0000000000000000        0x0 binaries/lflwrite.o
 .note.GNU-stack
                0x0000000000000000        0x0 binaries/lfscheck.o
 .note.GNU-stack
                0x0000000000000000        0x0 binaries/lfsckfmt.o
 .note.GNU-stack
                0x0000000000000000        0x0 binaries/lfscreate.o
 .note.GNU-stack
                0x0000000000000000        0x0 binaries/lfsetup.o
 .note.GNU-stack
                0x0000000000000000        0x0 binaries/lfsinit.o
 .note.GNU-stack
                0x0000000000000000        0x0 binaries/lfsopen.o
 .note.GNU-stack
                0x0000000000000000        0x0 binaries/lftruncate.o
 .note.GNU-stack
                0x0000000000000000        0x0 binaries/rflclose.o
 .note.GNU-stack
                0x0000000000000000        0x0 binaries/rflgetc.o
 .note.GNU-stack
                0x0000000000000000        0x0 binaries/rflinit.o
 .note.GNU-stack
                0x0000000000000000        0x0 binaries/rflputc.o
 .note.GNU-stack
                0x0000000000000000        0x0 binaries/rflread.o
 .note.GNU-stack
                0x0000000000000000        0x0 binaries/rflseek.o
 .note.GNU-stack
                0x0000000000000000        0x0 binaries/rflwrite.o
 .note.GNU-stack
                0x0000000000000000        0x0 binaries/rfscomm.o
 .note.GNU-stack
                0x0000000000000000        0x0 binaries/rfscontrol.o
 .note.GNU-stack
                0x0000000000000000        0x0 binaries/rfsgetmode.o
 .note.GNU-stack
                0x0000000000000000        0x0 binaries/rfsinit.o
 .note.GNU-stack
                0x0000000000000000        0x0 binaries/rfsndmsg.o
 .note.GNU-stack
                0x0000000000000000        0x0 binaries/rfsopen.o
 .note.GNU-stack
                0x0000000000000000        0x0 binaries/arp.o
 .note.GNU-stack
                0x0000000000000000        0x0 binaries/dhcp.o
 .note.GNU-stack
                0x0000000000000000        0x0 binaries/dns.o
 .note.GNU-stack
                0x0000000000000000        0x0 binaries/dot2ip.o
 .note.GNU-stack
                0x0000000000000000        0x0 binaries/hexdump.o
 .note.GNU-stack
                0x0000000000000000        0x0 binaries/icmp.o
 .note.GNU-stack
                0x0000000000000000        0x0 binaries/ip.o
 .note.GNU-stack
                0x0000000000000000        0x0 binaries/net.o
 .note.GNU-stack
                0x0000000000000000        0x0 binaries/pdump.o
 .note.GNU-stack
                0x0000000000000000        0x0 binaries/tftp.o
 .note.GNU-stack
                0x0000000000000000        0x0 binaries/udp.o
 .note.GNU-stack
                0x0000000000000000        0x0 binaries/addargs.o
 .note.GNU-stack
                0x0000000000000000        0x0 binaries/lexan.o
 .note.GNU-stack
                0x0000000000000000        0x0 binaries/shell.o
 .note.GNU-stack
                0x0000000000000000        0x0 binaries/xsh_argecho.o
 .note.GNU-stack
                0x0000000000000000        0x0 binaries/xsh_arp.o
 .note.GNU-stack
                0x0000000000000000        0x0 binaries/xsh_cat.o
 .note.GNU-stack
                0x0000000000000000        0x0 binaries/xsh_clear.o
 .note.GNU-stack
                0x0000000000000000        0x0 binaries/xsh_date.o
 .note.GNU-stack
                0x0000000000000000        0x0 binaries/xsh_devdump.o
 .note.GNU-stack
                0x0000000000000000        0x0 binaries/xsh_echo.o
 .note.GNU-stack
                0x0000000000000000        0x0 binaries/xsh_exit.o
 .note.GNU-stack
                0x0000000000000000        0x0 binaries/xsh_help.o
 .note.GNU-stack
                0x0000000000000000        0x0 binaries/xsh_kill.o
 .note.GNU-stack
                0x0000000000000000        0x0 binaries/xsh_memdump.o
 .note.GNU-stack
                0x0000000000000000        0x0 binaries/xsh_memstat.o
 .note.GNU-stack
                0x0000000000000000        0x0 binaries/xsh_netinfo.o
 .note.GNU-stack
                0x0000000000000000        0x0 binaries/xsh_ping.o
 .note.GNU-stack
                0x0000000000000000        0x0 binaries/xsh_ps.o
 .note.GNU-stack
                0x0000000000000000        0x0 binaries/xsh_sleep.o
 .note.GNU-stack
                0x0000000000000000        0x0 binaries/xsh_udpdump.o
 .note.GNU-stack
                0x0000000000000000        0x0 binaries/xsh_udpecho.o
 .note.GNU-stack
                0x0000000000000000        0x0 binaries/xsh_udpserver.o
 .note.GNU-stack
                0x0000000000000000        0x0 binaries/xsh_uptime.o
